==42049== FILE DESCRIPTORS: 3 open (1 std) at exit.
==42049== Open file descriptor 4: /home/ivan/minishell/tests/test.log
==42049==    <inherited from parent>
==42049== 
==42049== Open file descriptor 3: /home/ivan/minishell/tests/test.log
==42049==    <inherited from parent>
==42049== 
==42049== 
                                                                                                                                                                                                                                                                                                                                                                                                                                                                                                                                                                                                                                                                                                                                                                                                                                                                                                                                                                                                                                                                                                                                                                                                                                                                                                                                                                                                                                                                      ==42033== FILE DESCRIPTORS: 4 open (3 std) at exit.
==42033== Open file descriptor 3: /home/ivan/minishell/tests/test.log
==42033==    <inherited from parent>
==42033== 
==42033== 
==42033== 27 (24 direct, 3 indirect) bytes in 1 blocks are definitely lost in loss record 20 of 79
==42033==    at 0x4846828: malloc (in /usr/libexec/valgrind/vgpreload_memcheck-amd64-linux.so)
==42033==    by 0x1123EF: ft_calloc (ft_calloc.c:33)
==42033==    by 0x1099A9: init_token (init.c:104)
==42033==    by 0x10B7A9: tokenize_words (words.c:45)
==42033==    by 0x10B400: lexer (lexer.c:35)
==42033==    by 0x10AA10: parse (parser.c:47)
==42033==    by 0x109CF9: prompt (prompt.c:73)
==42033==    by 0x1095F4: main (main.c:19)
==42033== 
